# CLI :TASK_RUNS suffix wins over TASK_RUNS=other env override
--dry-run TASK_RUNS=other --include-deps tasks/experiment/MatMul/IS1/baseline:run1
EXPECT_SUCCESS:
SKIP_VERIFY_DEF=false
---
JOB	0
STAGE	0
WORKLOAD_NAME	run_tasks
WORKLOAD_MANAGER	workload_managers/direct.sh
DEPENDS	
0	assets	tasks/build/containers/gcc
---
JOB	1
STAGE	1
WORKLOAD_NAME	run_tasks
WORKLOAD_MANAGER	workload_managers/direct.sh
DEPENDS	0
0	assets	tasks/build/baseline
1	assets	tasks/build/data
---
JOB	2
STAGE	2
WORKLOAD_NAME	run_tasks
WORKLOAD_MANAGER	workload_managers/direct.sh
DEPENDS	1
0	assets	tasks/experiment/MatMul/IS1/data
---
JOB	3
STAGE	3
WORKLOAD_NAME	run_tasks
WORKLOAD_MANAGER	workload_managers/direct.sh
DEPENDS	2
0	run1	tasks/experiment/MatMul/IS1/baseline	TASK_RUNS=run1
