# RUN_WORKLOAD_MANAGER env override appears in JOB block
--dry-run RUN_WORKLOAD_MANAGER=.template/workload_managers/palmaII-gpu4090.sh tasks/build/containers/gcc
EXPECT_SUCCESS:
SKIP_VERIFY_DEF=false
---
JOB	0
STAGE	0
WORKLOAD_NAME	run_tasks
WORKLOAD_MANAGER	.template/workload_managers/palmaII-gpu4090.sh
DEPENDS	
0	assets	tasks/build/containers/gcc	RUN_WORKLOAD_MANAGER=.template/workload_managers/palmaII-gpu4090.sh
